[INFO] [launch]: All log files can be found below /home/jetson/.ros/log/2026-04-06-03-57-04-366704-chandan-16080
[INFO] [launch]: Default logging verbosity is set to INFO
[INFO] [controller_server-1]: process started with pid [16083]
[INFO] [smoother_server-2]: process started with pid [16085]
[INFO] [planner_server-3]: process started with pid [16087]
[INFO] [behavior_server-4]: process started with pid [16089]
[INFO] [bt_navigator-5]: process started with pid [16091]
[INFO] [waypoint_follower-6]: process started with pid [16093]
[INFO] [velocity_smoother-7]: process started with pid [16095]
[INFO] [lifecycle_manager-8]: process started with pid [16130]
[planner_server-3] [INFO] [1775419025.246776996] [planner_server]: 
[planner_server-3] 	planner_server lifecycle node launched. 
[planner_server-3] 	Waiting on external lifecycle transitions to activate
[planner_server-3] 	See https://design.ros2.org/articles/node_lifecycle.html for more information.
[planner_server-3] [INFO] [1775419025.315804764] [planner_server]: Creating
[bt_navigator-5] [INFO] [1775419025.380193779] [bt_navigator]: 
[bt_navigator-5] 	bt_navigator lifecycle node launched. 
[bt_navigator-5] 	Waiting on external lifecycle transitions to activate
[bt_navigator-5] 	See https://design.ros2.org/articles/node_lifecycle.html for more information.
[bt_navigator-5] [INFO] [1775419025.380572379] [bt_navigator]: Creating
[waypoint_follower-6] [INFO] [1775419025.628486799] [waypoint_follower]: 
[waypoint_follower-6] 	waypoint_follower lifecycle node launched. 
[waypoint_follower-6] 	Waiting on external lifecycle transitions to activate
[waypoint_follower-6] 	See https://design.ros2.org/articles/node_lifecycle.html for more information.
[waypoint_follower-6] [INFO] [1775419025.655905672] [waypoint_follower]: Creating
[lifecycle_manager-8] [INFO] [1775419025.719473262] [lifecycle_manager_navigation]: Creating
[behavior_server-4] [INFO] [1775419025.741697755] [behavior_server]: 
[behavior_server-4] 	behavior_server lifecycle node launched. 
[behavior_server-4] 	Waiting on external lifecycle transitions to activate
[behavior_server-4] 	See https://design.ros2.org/articles/node_lifecycle.html for more information.
[controller_server-1] [INFO] [1775419025.769215573] [controller_server]: 
[controller_server-1] 	controller_server lifecycle node launched. 
[controller_server-1] 	Waiting on external lifecycle transitions to activate
[controller_server-1] 	See https://design.ros2.org/articles/node_lifecycle.html for more information.
[smoother_server-2] [INFO] [1775419025.789986948] [smoother_server]: 
[smoother_server-2] 	smoother_server lifecycle node launched. 
[smoother_server-2] 	Waiting on external lifecycle transitions to activate
[smoother_server-2] 	See https://design.ros2.org/articles/node_lifecycle.html for more information.
[velocity_smoother-7] [INFO] [1775419025.834424061] [velocity_smoother]: 
[velocity_smoother-7] 	velocity_smoother lifecycle node launched. 
[velocity_smoother-7] 	Waiting on external lifecycle transitions to activate
[velocity_smoother-7] 	See https://design.ros2.org/articles/node_lifecycle.html for more information.
[lifecycle_manager-8] [INFO] [1775419025.858903449] [lifecycle_manager_navigation]: [34m[1mCreating and initializing lifecycle service clients[0m[0m
[smoother_server-2] [INFO] [1775419025.871676738] [smoother_server]: Creating smoother server
[controller_server-1] [INFO] [1775419025.961170881] [controller_server]: Creating controller server
[planner_server-3] [INFO] [1775419026.089029721] [global_costmap.global_costmap]: 
[planner_server-3] 	global_costmap lifecycle node launched. 
[planner_server-3] 	Waiting on external lifecycle transitions to activate
[planner_server-3] 	See https://design.ros2.org/articles/node_lifecycle.html for more information.
[planner_server-3] [INFO] [1775419026.109515201] [global_costmap.global_costmap]: Creating Costmap
[controller_server-1] [INFO] [1775419026.717540681] [local_costmap.local_costmap]: 
[controller_server-1] 	local_costmap lifecycle node launched. 
[controller_server-1] 	Waiting on external lifecycle transitions to activate
[controller_server-1] 	See https://design.ros2.org/articles/node_lifecycle.html for more information.
[controller_server-1] [INFO] [1775419026.730866045] [local_costmap.local_costmap]: Creating Costmap
[lifecycle_manager-8] [INFO] [1775419027.941839328] [lifecycle_manager_navigation]: Waiting for service controller_server/get_state...
[lifecycle_manager-8] [INFO] [1775419028.843669254] [lifecycle_manager_navigation]: [34m[1mStarting managed nodes bringup...[0m[0m
[lifecycle_manager-8] [INFO] [1775419028.843829994] [lifecycle_manager_navigation]: [34m[1mConfiguring controller_server[0m[0m
[controller_server-1] [INFO] [1775419028.844764733] [controller_server]: Configuring controller interface
[controller_server-1] [INFO] [1775419028.850568117] [controller_server]: getting goal checker plugins..
[controller_server-1] [INFO] [1775419028.851251011] [controller_server]: Controller frequency set to 10.0000Hz
[controller_server-1] [INFO] [1775419028.851368485] [local_costmap.local_costmap]: Configuring
[controller_server-1] [INFO] [1775419029.404816074] [local_costmap.local_costmap]: Using plugin "obstacle_layer"
[controller_server-1] [INFO] [1775419029.624403889] [local_costmap.local_costmap]: Subscribed to Topics: scan
[controller_server-1] [INFO] [1775419029.953895023] [local_costmap.local_costmap]: Initialized plugin "obstacle_layer"
[controller_server-1] [INFO] [1775419029.955368813] [local_costmap.local_costmap]: Using plugin "inflation_layer"
[controller_server-1] [INFO] [1775419030.011038247] [local_costmap.local_costmap]: Initialized plugin "inflation_layer"
[controller_server-1] [INFO] [1775419030.683525118] [controller_server]: Created progress_checker : progress_checker of type nav2_controller::PoseProgressChecker
[controller_server-1] [INFO] [1775419030.755505413] [controller_server]: Created goal checker : goal_checker of type nav2_controller::SimpleGoalChecker
[controller_server-1] [INFO] [1775419030.756500409] [controller_server]: Controller Server has goal_checker  goal checkers available.
[controller_server-1] [INFO] [1775419030.827083459] [controller_server]: Created controller : FollowPath of type dwb_core::DWBLocalPlanner
[controller_server-1] [INFO] [1775419030.947690929] [controller_server]: Setting transform_tolerance to 0.200000
[controller_server-1] [INFO] [1775419032.915977883] [controller_server]: Using critic "RotateToGoal" (dwb_critics::RotateToGoalCritic)
[controller_server-1] [INFO] [1775419032.978489018] [controller_server]: Critic plugin initialized
[controller_server-1] [INFO] [1775419032.986782756] [controller_server]: Using critic "Oscillation" (dwb_critics::OscillationCritic)
[controller_server-1] [INFO] [1775419033.085514374] [controller_server]: Critic plugin initialized
[controller_server-1] [INFO] [1775419033.091665475] [controller_server]: Using critic "BaseObstacle" (dwb_critics::BaseObstacleCritic)
[controller_server-1] [INFO] [1775419033.145834326] [controller_server]: Critic plugin initialized
[controller_server-1] [INFO] [1775419033.147074639] [controller_server]: Using critic "GoalAlign" (dwb_critics::GoalAlignCritic)
[controller_server-1] [INFO] [1775419033.151604012] [controller_server]: Critic plugin initialized
[controller_server-1] [INFO] [1775419033.152882950] [controller_server]: Using critic "PathAlign" (dwb_critics::PathAlignCritic)
[controller_server-1] [INFO] [1775419033.374845053] [controller_server]: Critic plugin initialized
[controller_server-1] [INFO] [1775419033.375413928] [controller_server]: Using critic "PathDist" (dwb_critics::PathDistCritic)
[controller_server-1] [INFO] [1775419033.390230839] [controller_server]: Critic plugin initialized
[controller_server-1] [INFO] [1775419033.390740738] [controller_server]: Using critic "GoalDist" (dwb_critics::GoalDistCritic)
[controller_server-1] [INFO] [1775419033.391482993] [controller_server]: Critic plugin initialized
[controller_server-1] [INFO] [1775419033.391533170] [controller_server]: Controller Server has FollowPath  controllers available.
[lifecycle_manager-8] [INFO] [1775419033.968088917] [lifecycle_manager_navigation]: [34m[1mConfiguring smoother_server[0m[0m
[smoother_server-2] [INFO] [1775419033.969119914] [smoother_server]: Configuring smoother server
[smoother_server-2] [INFO] [1775419034.299114261] [smoother_server]: Created smoother : simple_smoother of type nav2_smoother::SimpleSmoother
[smoother_server-2] [INFO] [1775419034.317206438] [smoother_server]: Smoother Server has simple_smoother  smoothers available.
[lifecycle_manager-8] [INFO] [1775419034.393489242] [lifecycle_manager_navigation]: [34m[1mConfiguring planner_server[0m[0m
[planner_server-3] [INFO] [1775419034.394115847] [planner_server]: Configuring
[planner_server-3] [INFO] [1775419034.394216937] [global_costmap.global_costmap]: Configuring
[planner_server-3] [INFO] [1775419034.456718659] [global_costmap.global_costmap]: Using plugin "static_layer"
[planner_server-3] [INFO] [1775419034.484359287] [global_costmap.global_costmap]: Subscribing to the map topic (/map) with transient local durability
[planner_server-3] [INFO] [1775419034.504180107] [global_costmap.global_costmap]: Initialized plugin "static_layer"
[planner_server-3] [INFO] [1775419034.591229947] [planner_server]: Created global planner plugin GridBased of type nav2_navfn_planner/NavfnPlanner
[planner_server-3] [INFO] [1775419034.591345533] [planner_server]: Configuring plugin GridBased of type NavfnPlanner
[planner_server-3] [INFO] [1775419034.598252554] [planner_server]: Planner Server has GridBased  planners available.
[planner_server-3] [INFO] [1775419034.600654747] [global_costmap.global_costmap]: StaticLayer: Resizing costmap to 185 X 172 at 0.050000 m/pix
[lifecycle_manager-8] [INFO] [1775419034.678517519] [lifecycle_manager_navigation]: [34m[1mConfiguring behavior_server[0m[0m
[behavior_server-4] [INFO] [1775419034.679295230] [behavior_server]: Configuring
[behavior_server-4] [INFO] [1775419034.835080615] [behavior_server]: Creating behavior plugin spin of type nav2_behaviors/Spin
[behavior_server-4] [INFO] [1775419034.838254376] [behavior_server]: Configuring spin
[behavior_server-4] [INFO] [1775419035.058159883] [behavior_server]: Creating behavior plugin backup of type nav2_behaviors/BackUp
[behavior_server-4] [INFO] [1775419035.062213821] [behavior_server]: Configuring backup
[lifecycle_manager-8] [INFO] [1775419035.069261357] [lifecycle_manager_navigation]: [34m[1mConfiguring bt_navigator[0m[0m
[bt_navigator-5] [INFO] [1775419035.069935642] [bt_navigator]: Configuring
[behavior_server-4] [INFO] [1775419035.129369588] [behavior_server]: Creating behavior plugin drive_on_heading of type nav2_behaviors/DriveOnHeading
[behavior_server-4] [INFO] [1775419035.131425982] [behavior_server]: Configuring drive_on_heading
[controller_server-1] [WARN] [1775419035.152371337] [rcl_lifecycle]: No transition matching 1 found for current state inactive
[controller_server-1] [WARN] [1775419035.152435850] [rcl_lifecycle]: No transition matching 1 found for current state inactive
[controller_server-1] [ERROR] [1775419035.152455946] [controller_server]: Unable to start transition 1 from current state inactive: Transition is not registered., at ./src/rcl_lifecycle.c:355
[behavior_server-4] [INFO] [1775419035.171423692] [behavior_server]: Creating behavior plugin assisted_teleop of type nav2_behaviors/AssistedTeleop
[smoother_server-2] [WARN] [1775419035.178105364] [rcl_lifecycle]: No transition matching 1 found for current state inactive
[smoother_server-2] [WARN] [1775419035.178176886] [rcl_lifecycle]: No transition matching 1 found for current state inactive
[smoother_server-2] [ERROR] [1775419035.178196566] [smoother_server]: Unable to start transition 1 from current state inactive: Transition is not registered., at ./src/rcl_lifecycle.c:355
[behavior_server-4] [INFO] [1775419035.180265664] [behavior_server]: Configuring assisted_teleop
[planner_server-3] [WARN] [1775419035.189268088] [rcl_lifecycle]: No transition matching 1 found for current state inactive
[planner_server-3] [WARN] [1775419035.189326297] [rcl_lifecycle]: No transition matching 1 found for current state inactive
[planner_server-3] [ERROR] [1775419035.189340793] [planner_server]: Unable to start transition 1 from current state inactive: Transition is not registered., at ./src/rcl_lifecycle.c:355
[behavior_server-4] [INFO] [1775419035.228956320] [behavior_server]: Creating behavior plugin wait of type nav2_behaviors/Wait
[behavior_server-4] [INFO] [1775419035.231343728] [behavior_server]: Configuring wait
[behavior_server-4] [WARN] [1775419035.281874293] [rcl_lifecycle]: No transition matching 1 found for current state inactive
[behavior_server-4] [WARN] [1775419035.282025336] [rcl_lifecycle]: No transition matching 1 found for current state inactive
[behavior_server-4] [ERROR] [1775419035.282142042] [behavior_server]: Unable to start transition 1 from current state inactive: Transition is not registered., at ./src/rcl_lifecycle.c:355
[bt_navigator-5] [WARN] [1775419035.791640126] [rcl_lifecycle]: No transition matching 1 found for current state inactive
[bt_navigator-5] [WARN] [1775419035.793157564] [rcl_lifecycle]: No transition matching 1 found for current state inactive
[bt_navigator-5] [ERROR] [1775419035.794628986] [bt_navigator]: Unable to start transition 1 from current state inactive: Transition is not registered., at ./src/rcl_lifecycle.c:355
[lifecycle_manager-8] [INFO] [1775419035.797020203] [lifecycle_manager_navigation]: [34m[1mConfiguring waypoint_follower[0m[0m
[waypoint_follower-6] [INFO] [1775419035.798536970] [waypoint_follower]: Configuring
[waypoint_follower-6] [INFO] [1775419036.007565353] [waypoint_follower]: Created waypoint_task_executor : wait_at_waypoint of type nav2_waypoint_follower::WaitAtWaypoint
[waypoint_follower-6] [INFO] [1775419036.012970999] [waypoint_follower]: Waypoint pause duration is set to zero, disabling task executor plugin.
[waypoint_follower-6] [WARN] [1775419036.013569603] [rcl_lifecycle]: No transition matching 1 found for current state inactive
[waypoint_follower-6] [WARN] [1775419036.013601987] [rcl_lifecycle]: No transition matching 1 found for current state inactive
[waypoint_follower-6] [ERROR] [1775419036.013619204] [waypoint_follower]: Unable to start transition 1 from current state inactive: Transition is not registered., at ./src/rcl_lifecycle.c:355
[lifecycle_manager-8] [INFO] [1775419036.017707639] [lifecycle_manager_navigation]: [34m[1mConfiguring velocity_smoother[0m[0m
[velocity_smoother-7] [INFO] [1775419036.019172853] [velocity_smoother]: Configuring velocity smoother
[lifecycle_manager-8] [INFO] [1775419036.089793616] [lifecycle_manager_navigation]: [34m[1mActivating controller_server[0m[0m
[controller_server-1] [INFO] [1775419036.092238273] [controller_server]: Activating
[controller_server-1] [INFO] [1775419036.092386884] [local_costmap.local_costmap]: Activating
[controller_server-1] [INFO] [1775419036.092419621] [local_costmap.local_costmap]: Checking transform
[controller_server-1] [INFO] [1775419036.092695915] [local_costmap.local_costmap]: start
[controller_server-1] [INFO] [1775419036.148862464] [controller_server]: Creating bond (controller_server) to lifecycle manager.
[velocity_smoother-7] [WARN] [1775419036.212608943] [rcl_lifecycle]: No transition matching 1 found for current state inactive
[velocity_smoother-7] [WARN] [1775419036.212662544] [rcl_lifecycle]: No transition matching 1 found for current state inactive
[velocity_smoother-7] [ERROR] [1775419036.212681265] [velocity_smoother]: Unable to start transition 1 from current state inactive: Transition is not registered., at ./src/rcl_lifecycle.c:355
[controller_server-1] [WARN] [1775419036.225803707] [rcl_lifecycle]: No transition matching 3 found for current state active
[controller_server-1] [WARN] [1775419036.225872893] [rcl_lifecycle]: No transition matching 3 found for current state active
[controller_server-1] [ERROR] [1775419036.225884765] [controller_server]: Unable to start transition 3 from current state active: Transition is not registered., at ./src/rcl_lifecycle.c:355
[smoother_server-2] [INFO] [1775419036.331506783] [smoother_server]: Activating
[smoother_server-2] [INFO] [1775419036.331615585] [smoother_server]: Creating bond (smoother_server) to lifecycle manager.
[lifecycle_manager-8] [INFO] [1775419036.332557332] [lifecycle_manager_navigation]: Server controller_server connected with bond.
[lifecycle_manager-8] [INFO] [1775419036.332678199] [lifecycle_manager_navigation]: [34m[1mActivating smoother_server[0m[0m
[smoother_server-2] [WARN] [1775419036.346017318] [rcl_lifecycle]: No transition matching 3 found for current state active
[smoother_server-2] [WARN] [1775419036.346090887] [rcl_lifecycle]: No transition matching 3 found for current state active
[smoother_server-2] [ERROR] [1775419036.346103144] [smoother_server]: Unable to start transition 3 from current state active: Transition is not registered., at ./src/rcl_lifecycle.c:355
[lifecycle_manager-8] [INFO] [1775419036.455516663] [lifecycle_manager_navigation]: Server smoother_server connected with bond.
[lifecycle_manager-8] [INFO] [1775419036.455648729] [lifecycle_manager_navigation]: [34m[1mActivating planner_server[0m[0m
[planner_server-3] [INFO] [1775419036.456856498] [planner_server]: Activating
[planner_server-3] [INFO] [1775419036.457009077] [global_costmap.global_costmap]: Activating
[planner_server-3] [INFO] [1775419036.457060694] [global_costmap.global_costmap]: Checking transform
[planner_server-3] [INFO] [1775419036.457374876] [global_costmap.global_costmap]: start
[planner_server-3] [INFO] [1775419036.507613177] [planner_server]: Activating plugin GridBased of type NavfnPlanner
[planner_server-3] [INFO] [1775419036.523884420] [planner_server]: Creating bond (planner_server) to lifecycle manager.
[planner_server-3] [WARN] [1775419036.591513314] [rcl_lifecycle]: No transition matching 3 found for current state active
[planner_server-3] [WARN] [1775419036.591595812] [rcl_lifecycle]: No transition matching 3 found for current state active
[planner_server-3] [ERROR] [1775419036.591611620] [planner_server]: Unable to start transition 3 from current state active: Transition is not registered., at ./src/rcl_lifecycle.c:355
[behavior_server-4] [INFO] [1775419036.654871625] [behavior_server]: Activating
[behavior_server-4] [INFO] [1775419036.654999916] [behavior_server]: Activating spin
[behavior_server-4] [INFO] [1775419036.655050317] [behavior_server]: Activating backup
[behavior_server-4] [INFO] [1775419036.655089006] [behavior_server]: Activating drive_on_heading
[behavior_server-4] [INFO] [1775419036.655123279] [behavior_server]: Activating assisted_teleop
[behavior_server-4] [INFO] [1775419036.655155279] [behavior_server]: Activating wait
[behavior_server-4] [INFO] [1775419036.655198512] [behavior_server]: Creating bond (behavior_server) to lifecycle manager.
[lifecycle_manager-8] [INFO] [1775419036.658589333] [lifecycle_manager_navigation]: Server planner_server connected with bond.
[lifecycle_manager-8] [INFO] [1775419036.658718072] [lifecycle_manager_navigation]: [34m[1mActivating behavior_server[0m[0m
[behavior_server-4] [WARN] [1775419036.702828440] [rcl_lifecycle]: No transition matching 3 found for current state active
[behavior_server-4] [WARN] [1775419036.702910106] [rcl_lifecycle]: No transition matching 3 found for current state active
[behavior_server-4] [ERROR] [1775419036.702926778] [behavior_server]: Unable to start transition 3 from current state active: Transition is not registered., at ./src/rcl_lifecycle.c:355
[lifecycle_manager-8] [INFO] [1775419036.813120825] [lifecycle_manager_navigation]: Server behavior_server connected with bond.
[lifecycle_manager-8] [INFO] [1775419036.813242555] [lifecycle_manager_navigation]: [34m[1mActivating bt_navigator[0m[0m
[bt_navigator-5] [INFO] [1775419036.814467732] [bt_navigator]: Activating
[lifecycle_manager-8] [INFO] [1775419037.688142963] [lifecycle_manager_navigation]: Server bt_navigator connected with bond.
[lifecycle_manager-8] [INFO] [1775419037.688280118] [lifecycle_manager_navigation]: [34m[1mActivating waypoint_follower[0m[0m
[waypoint_follower-6] [INFO] [1775419037.689384748] [waypoint_follower]: Activating
[waypoint_follower-6] [INFO] [1775419037.689500303] [waypoint_follower]: Creating bond (waypoint_follower) to lifecycle manager.
[bt_navigator-5] [INFO] [1775419037.795054860] [bt_navigator]: Creating bond (bt_navigator) to lifecycle manager.
[bt_navigator-5] [WARN] [1775419037.814132943] [rcl_lifecycle]: No transition matching 3 found for current state active
[bt_navigator-5] [WARN] [1775419037.814202576] [rcl_lifecycle]: No transition matching 3 found for current state active
[bt_navigator-5] [ERROR] [1775419037.814215184] [bt_navigator]: Unable to start transition 3 from current state active: Transition is not registered., at ./src/rcl_lifecycle.c:355
[waypoint_follower-6] [WARN] [1775419037.821764969] [rcl_lifecycle]: No transition matching 3 found for current state active
[waypoint_follower-6] [WARN] [1775419037.821827659] [rcl_lifecycle]: No transition matching 3 found for current state active
[waypoint_follower-6] [ERROR] [1775419037.821838827] [waypoint_follower]: Unable to start transition 3 from current state active: Transition is not registered., at ./src/rcl_lifecycle.c:355
[lifecycle_manager-8] [INFO] [1775419037.848996434] [lifecycle_manager_navigation]: Server waypoint_follower connected with bond.
[lifecycle_manager-8] [INFO] [1775419037.849131188] [lifecycle_manager_navigation]: [34m[1mActivating velocity_smoother[0m[0m
[velocity_smoother-7] [INFO] [1775419037.850494512] [velocity_smoother]: Activating
[velocity_smoother-7] [INFO] [1775419037.850661587] [velocity_smoother]: Creating bond (velocity_smoother) to lifecycle manager.
[velocity_smoother-7] [WARN] [1775419037.933017178] [rcl_lifecycle]: No transition matching 3 found for current state active
[velocity_smoother-7] [WARN] [1775419037.935540013] [rcl_lifecycle]: No transition matching 3 found for current state active
[velocity_smoother-7] [ERROR] [1775419037.937837531] [velocity_smoother]: Unable to start transition 3 from current state active: Transition is not registered., at ./src/rcl_lifecycle.c:355
[lifecycle_manager-8] [INFO] [1775419038.001172096] [lifecycle_manager_navigation]: Server velocity_smoother connected with bond.
[lifecycle_manager-8] [INFO] [1775419038.001305027] [lifecycle_manager_navigation]: [34m[1mManaged nodes are active[0m[0m
[lifecycle_manager-8] [INFO] [1775419038.001331939] [lifecycle_manager_navigation]: [34m[1mCreating bond timer...[0m[0m
[controller_server-1] [INFO] [1775419055.065276091] [local_costmap.local_costmap]: Message Filter dropping message: frame 'laser' at time 1775419054.619 for reason 'the timestamp on the message is earlier than all the data in the transform cache'
[controller_server-1] [INFO] [1775419057.871652365] [local_costmap.local_costmap]: Message Filter dropping message: frame 'laser' at time 1775419057.358 for reason 'the timestamp on the message is earlier than all the data in the transform cache'
[controller_server-1] [INFO] [1775419060.882438590] [local_costmap.local_costmap]: Message Filter dropping message: frame 'laser' at time 1775419060.379 for reason 'the timestamp on the message is earlier than all the data in the transform cache'
[controller_server-1] [INFO] [1775419064.091485051] [local_costmap.local_costmap]: Message Filter dropping message: frame 'laser' at time 1775419063.536 for reason 'the timestamp on the message is earlier than all the data in the transform cache'
[controller_server-1] [INFO] [1775419067.049115291] [local_costmap.local_costmap]: Message Filter dropping message: frame 'laser' at time 1775419066.545 for reason 'the timestamp on the message is earlier than all the data in the transform cache'
[controller_server-1] [INFO] [1775419070.470469799] [local_costmap.local_costmap]: Message Filter dropping message: frame 'laser' at time 1775419069.972 for reason 'the timestamp on the message is earlier than all the data in the transform cache'
[controller_server-1] [INFO] [1775419073.232742070] [local_costmap.local_costmap]: Message Filter dropping message: frame 'laser' at time 1775419072.723 for reason 'the timestamp on the message is earlier than all the data in the transform cache'
[controller_server-1] [INFO] [1775419076.067572017] [local_costmap.local_costmap]: Message Filter dropping message: frame 'laser' at time 1775419075.597 for reason 'the timestamp on the message is earlier than all the data in the transform cache'
[controller_server-1] [INFO] [1775419078.834188899] [local_costmap.local_costmap]: Message Filter dropping message: frame 'laser' at time 1775419078.337 for reason 'the timestamp on the message is earlier than all the data in the transform cache'
[controller_server-1] [INFO] [1775419082.112316748] [local_costmap.local_costmap]: Message Filter dropping message: frame 'laser' at time 1775419081.627 for reason 'the timestamp on the message is earlier than all the data in the transform cache'
[controller_server-1] [INFO] [1775419085.019200404] [local_costmap.local_costmap]: Message Filter dropping message: frame 'laser' at time 1775419084.501 for reason 'the timestamp on the message is earlier than all the data in the transform cache'
[controller_server-1] [INFO] [1775419088.025664627] [local_costmap.local_costmap]: Message Filter dropping message: frame 'laser' at time 1775419087.523 for reason 'the timestamp on the message is earlier than all the data in the transform cache'
[planner_server-3] [ERROR] [1775419090.763872538] [transformPoseInTargetFrame]: Extrapolation Error looking up target frame: Lookup would require extrapolation into the past.  Requested time 1775419077.554899 but the earliest data is at time 1775419077.822121, when looking up transform from frame [base_footprint] to frame [map]
[planner_server-3] 
[controller_server-1] [INFO] [1775419091.579472486] [local_costmap.local_costmap]: Message Filter dropping message: frame 'laser' at time 1775419091.085 for reason 'the timestamp on the message is earlier than all the data in the transform cache'
[smoother_server-2] Warning: TF_OLD_DATA ignoring data from the past for frame odom at time 1775419057.535050 according to authority Authority undetectable
[smoother_server-2] Possible reasons are listed at http://wiki.ros.org/tf/Errors%20explained
[smoother_server-2]          at line 294 in ./src/buffer_core.cpp
[smoother_server-2] Warning: TF_OLD_DATA ignoring data from the past for frame odom at time 1775419058.357878 according to authority Authority undetectable
[smoother_server-2] Possible reasons are listed at http://wiki.ros.org/tf/Errors%20explained
[smoother_server-2]          at line 294 in ./src/buffer_core.cpp
[smoother_server-2] Warning: TF_OLD_DATA ignoring data from the past for frame odom at time 1775419058.493010 according to authority Authority undetectable
[smoother_server-2] Possible reasons are listed at http://wiki.ros.org/tf/Errors%20explained
[smoother_server-2]          at line 294 in ./src/buffer_core.cpp
[smoother_server-2] Warning: TF_OLD_DATA ignoring data from the past for frame odom at time 1775419058.640286 according to authority Authority undetectable
[smoother_server-2] Possible reasons are listed at http://wiki.ros.org/tf/Errors%20explained
[smoother_server-2]          at line 294 in ./src/buffer_core.cpp
[smoother_server-2] Warning: TF_OLD_DATA ignoring data from the past for frame odom at time 1775419060.138856 according to authority Authority undetectable
[smoother_server-2] Possible reasons are listed at http://wiki.ros.org/tf/Errors%20explained
[smoother_server-2]          at line 294 in ./src/buffer_core.cpp
[smoother_server-2] Warning: TF_OLD_DATA ignoring data from the past for frame odom at time 1775419060.286122 according to authority Authority undetectable
[smoother_server-2] Possible reasons are listed at http://wiki.ros.org/tf/Errors%20explained
[smoother_server-2]          at line 294 in ./src/buffer_core.cpp
[smoother_server-2] Warning: TF_OLD_DATA ignoring data from the past for frame odom at time 1775419060.961689 according to authority Authority undetectable
[smoother_server-2] Possible reasons are listed at http://wiki.ros.org/tf/Errors%20explained
[smoother_server-2]          at line 294 in ./src/buffer_core.cpp
[smoother_server-2] Warning: TF_OLD_DATA ignoring data from the past for frame odom at time 1775419063.160198 according to authority Authority undetectable
[smoother_server-2] Possible reasons are listed at http://wiki.ros.org/tf/Errors%20explained
[smoother_server-2]          at line 294 in ./src/buffer_core.cpp
[smoother_server-2] Warning: TF_OLD_DATA ignoring data from the past for frame odom at time 1775419064.670872 according to authority Authority undetectable
[smoother_server-2] Possible reasons are listed at http://wiki.ros.org/tf/Errors%20explained
[smoother_server-2]          at line 294 in ./src/buffer_core.cpp
[smoother_server-2] Warning: TF_OLD_DATA ignoring data from the past for frame odom at time 1775419064.806670 according to authority Authority undetectable
[smoother_server-2] Possible reasons are listed at http://wiki.ros.org/tf/Errors%20explained
[smoother_server-2]          at line 294 in ./src/buffer_core.cpp
[smoother_server-2] Warning: TF_OLD_DATA ignoring data from the past for frame odom at time 1775419065.493728 according to authority Authority undetectable
[smoother_server-2] Possible reasons are listed at http://wiki.ros.org/tf/Errors%20explained
[smoother_server-2]          at line 294 in ./src/buffer_core.cpp
[smoother_server-2] Warning: TF_OLD_DATA ignoring data from the past for frame odom at time 1775419069.055853 according to authority Authority undetectable
[smoother_server-2] Possible reasons are listed at http://wiki.ros.org/tf/Errors%20explained
[smoother_server-2]          at line 294 in ./src/buffer_core.cpp
[smoother_server-2] Warning: TF_OLD_DATA ignoring data from the past for frame odom at time 1775419070.016662 according to authority Authority undetectable
[smoother_server-2] Possible reasons are listed at http://wiki.ros.org/tf/Errors%20explained
[smoother_server-2]          at line 294 in ./src/buffer_core.cpp
[smoother_server-2] Warning: TF_OLD_DATA ignoring data from the past for frame odom at time 1775419070.283863 according to authority Authority undetectable
[smoother_server-2] Possible reasons are listed at http://wiki.ros.org/tf/Errors%20explained
[smoother_server-2]          at line 294 in ./src/buffer_core.cpp
[smoother_server-2] Warning: TF_OLD_DATA ignoring data from the past for frame odom at time 1775419070.566105 according to authority Authority undetectable
[smoother_server-2] Possible reasons are listed at http://wiki.ros.org/tf/Errors%20explained
[smoother_server-2]          at line 294 in ./src/buffer_core.cpp
[smoother_server-2] Warning: TF_OLD_DATA ignoring data from the past for frame odom at time 1775419070.838398 according to authority Authority undetectable
[smoother_server-2] Possible reasons are listed at http://wiki.ros.org/tf/Errors%20explained
[smoother_server-2]          at line 294 in ./src/buffer_core.cpp
[smoother_server-2] Warning: TF_OLD_DATA ignoring data from the past for frame odom at time 1775419071.106646 according to authority Authority undetectable
[smoother_server-2] Possible reasons are listed at http://wiki.ros.org/tf/Errors%20explained
[smoother_server-2]          at line 294 in ./src/buffer_core.cpp
[controller_server-1] [INFO] [1775419094.477251909] [local_costmap.local_costmap]: Message Filter dropping message: frame 'laser' at time 1775419093.973 for reason 'the timestamp on the message is earlier than all the data in the transform cache'
[controller_server-1] [INFO] [1775419097.088189705] [local_costmap.local_costmap]: Message Filter dropping message: frame 'laser' at time 1775419096.575 for reason 'the timestamp on the message is earlier than all the data in the transform cache'
[controller_server-1] [INFO] [1775419100.241482916] [local_costmap.local_costmap]: Message Filter dropping message: frame 'laser' at time 1775419099.719 for reason 'the timestamp on the message is earlier than all the data in the transform cache'
[controller_server-1] [INFO] [1775419103.803030893] [local_costmap.local_costmap]: Message Filter dropping message: frame 'laser' at time 1775419103.298 for reason 'the timestamp on the message is earlier than all the data in the transform cache'
[controller_server-1] [INFO] [1775419106.540050323] [local_costmap.local_costmap]: Message Filter dropping message: frame 'laser' at time 1775419106.032 for reason 'the timestamp on the message is earlier than all the data in the transform cache'
[controller_server-1] [INFO] [1775419109.134905261] [local_costmap.local_costmap]: Message Filter dropping message: frame 'laser' at time 1775419108.636 for reason 'the timestamp on the message is earlier than all the data in the transform cache'
[planner_server-3] [ERROR] [1775419110.765971122] [transformPoseInTargetFrame]: Extrapolation Error looking up target frame: Lookup would require extrapolation into the past.  Requested time 1775419096.751682 but the earliest data is at time 1775419097.413548, when looking up transform from frame [base_footprint] to frame [map]
[planner_server-3] 
[controller_server-1] [INFO] [1775419112.160388613] [local_costmap.local_costmap]: Message Filter dropping message: frame 'laser' at time 1775419111.646 for reason 'the timestamp on the message is earlier than all the data in the transform cache'
[controller_server-1] [INFO] [1775419115.161109577] [local_costmap.local_costmap]: Message Filter dropping message: frame 'laser' at time 1775419114.666 for reason 'the timestamp on the message is earlier than all the data in the transform cache'
[controller_server-1] [INFO] [1775419118.466853685] [local_costmap.local_costmap]: Message Filter dropping message: frame 'laser' at time 1775419117.958 for reason 'the timestamp on the message is earlier than all the data in the transform cache'
[controller_server-1] [INFO] [1775419121.004814645] [local_costmap.local_costmap]: Message Filter dropping message: frame 'laser' at time 1775419120.562 for reason 'the timestamp on the message is earlier than all the data in the transform cache'
[planner_server-3] [ERROR] [1775419122.765055630] [transformPoseInTargetFrame]: Extrapolation Error looking up target frame: Lookup would require extrapolation into the past.  Requested time 1775419110.041021 but the earliest data is at time 1775419110.121924, when looking up transform from frame [base_footprint] to frame [map]
[planner_server-3] 
[controller_server-1] [INFO] [1775419125.771782949] [local_costmap.local_costmap]: Message Filter dropping message: frame 'laser' at time 1775419125.219 for reason 'the timestamp on the message is earlier than all the data in the transform cache'
[controller_server-1] [INFO] [1775419128.312339462] [local_costmap.local_costmap]: Message Filter dropping message: frame 'laser' at time 1775419127.820 for reason 'the timestamp on the message is earlier than all the data in the transform cache'
[planner_server-3] [ERROR] [1775419128.765048038] [transformPoseInTargetFrame]: Extrapolation Error looking up target frame: Lookup would require extrapolation into the past.  Requested time 1775419114.572909 but the earliest data is at time 1775419115.940671, when looking up transform from frame [base_footprint] to frame [map]
[planner_server-3] 
[planner_server-3] [ERROR] [1775419129.763607883] [transformPoseInTargetFrame]: Extrapolation Error looking up target frame: Lookup would require extrapolation into the past.  Requested time 1775419114.572909 but the earliest data is at time 1775419116.863914, when looking up transform from frame [base_footprint] to frame [map]
[planner_server-3] 
[controller_server-1] [INFO] [1775419131.483717530] [local_costmap.local_costmap]: Message Filter dropping message: frame 'laser' at time 1775419130.977 for reason 'the timestamp on the message is earlier than all the data in the transform cache'
[controller_server-1] [INFO] [1775419135.008634996] [local_costmap.local_costmap]: Message Filter dropping message: frame 'laser' at time 1775419134.538 for reason 'the timestamp on the message is earlier than all the data in the transform cache'
[planner_server-3] [ERROR] [1775419137.764824671] [transformPoseInTargetFrame]: Extrapolation Error looking up target frame: Lookup would require extrapolation into the past.  Requested time 1775419123.896610 but the earliest data is at time 1775419125.364874, when looking up transform from frame [base_footprint] to frame [map]
[planner_server-3] 
[planner_server-3] [ERROR] [1775419138.764060236] [transformPoseInTargetFrame]: Extrapolation Error looking up target frame: Lookup would require extrapolation into the past.  Requested time 1775419123.896610 but the earliest data is at time 1775419126.513641, when looking up transform from frame [base_footprint] to frame [map]
[planner_server-3] 
[controller_server-1] [INFO] [1775419138.926048079] [local_costmap.local_costmap]: Message Filter dropping message: frame 'laser' at time 1775419138.370 for reason 'the timestamp on the message is earlier than all the data in the transform cache'
[planner_server-3] [ERROR] [1775419139.765300803] [transformPoseInTargetFrame]: Extrapolation Error looking up target frame: Lookup would require extrapolation into the past.  Requested time 1775419123.896610 but the earliest data is at time 1775419127.513783, when looking up transform from frame [base_footprint] to frame [map]
[planner_server-3] 
[planner_server-3] [ERROR] [1775419140.766943145] [transformPoseInTargetFrame]: Extrapolation Error looking up target frame: Lookup would require extrapolation into the past.  Requested time 1775419125.124283 but the earliest data is at time 1775419128.322022, when looking up transform from frame [base_footprint] to frame [map]
[planner_server-3] 
[controller_server-1] [INFO] [1775419141.472154047] [local_costmap.local_costmap]: Message Filter dropping message: frame 'laser' at time 1775419140.974 for reason 'the timestamp on the message is earlier than all the data in the transform cache'
[planner_server-3] [ERROR] [1775419141.766328719] [transformPoseInTargetFrame]: Extrapolation Error looking up target frame: Lookup would require extrapolation into the past.  Requested time 1775419125.124283 but the earliest data is at time 1775419129.819681, when looking up transform from frame [base_footprint] to frame [map]
[planner_server-3] 
[planner_server-3] [ERROR] [1775419142.765451608] [transformPoseInTargetFrame]: Extrapolation Error looking up target frame: Lookup would require extrapolation into the past.  Requested time 1775419127.321790 but the earliest data is at time 1775419129.819681, when looking up transform from frame [base_footprint] to frame [map]
[planner_server-3] 
[planner_server-3] [ERROR] [1775419143.766790158] [transformPoseInTargetFrame]: Extrapolation Error looking up target frame: Lookup would require extrapolation into the past.  Requested time 1775419127.321790 but the earliest data is at time 1775419131.063498, when looking up transform from frame [base_footprint] to frame [map]
[planner_server-3] 
[planner_server-3] [ERROR] [1775419144.764740306] [transformPoseInTargetFrame]: Extrapolation Error looking up target frame: Lookup would require extrapolation into the past.  Requested time 1775419131.154467 but the earliest data is at time 1775419132.064209, when looking up transform from frame [base_footprint] to frame [map]
[planner_server-3] 
[controller_server-1] [INFO] [1775419144.780193658] [local_costmap.local_costmap]: Message Filter dropping message: frame 'laser' at time 1775419144.267 for reason 'the timestamp on the message is earlier than all the data in the transform cache'
[planner_server-3] [ERROR] [1775419145.758240818] [transformPoseInTargetFrame]: Extrapolation Error looking up target frame: Lookup would require extrapolation into the past.  Requested time 1775419131.154467 but the earliest data is at time 1775419132.763407, when looking up transform from frame [base_footprint] to frame [map]
[planner_server-3] 
[planner_server-3] [ERROR] [1775419146.765529317] [transformPoseInTargetFrame]: Extrapolation Error looking up target frame: Lookup would require extrapolation into the past.  Requested time 1775419131.154467 but the earliest data is at time 1775419133.782122, when looking up transform from frame [base_footprint] to frame [map]
[planner_server-3] 
[controller_server-1] [INFO] [1775419148.315697565] [local_costmap.local_costmap]: Message Filter dropping message: frame 'laser' at time 1775419147.828 for reason 'the timestamp on the message is earlier than all the data in the transform cache'
[planner_server-3] [ERROR] [1775419149.761278130] [transformPoseInTargetFrame]: Extrapolation Error looking up target frame: Lookup would require extrapolation into the past.  Requested time 1775419135.268223 but the earliest data is at time 1775419136.274966, when looking up transform from frame [base_footprint] to frame [map]
[planner_server-3] 
[planner_server-3] [ERROR] [1775419150.765389519] [transformPoseInTargetFrame]: Extrapolation Error looking up target frame: Lookup would require extrapolation into the past.  Requested time 1775419136.631490 but the earliest data is at time 1775419137.813975, when looking up transform from frame [base_footprint] to frame [map]
[planner_server-3] 
[controller_server-1] [INFO] [1775419151.654702465] [local_costmap.local_costmap]: Message Filter dropping message: frame 'laser' at time 1775419151.120 for reason 'the timestamp on the message is earlier than all the data in the transform cache'
[controller_server-1] [INFO] [1775419154.219492002] [local_costmap.local_costmap]: Message Filter dropping message: frame 'laser' at time 1775419153.724 for reason 'the timestamp on the message is earlier than all the data in the transform cache'
[planner_server-3] [ERROR] [1775419154.764282029] [transformPoseInTargetFrame]: Extrapolation Error looking up target frame: Lookup would require extrapolation into the past.  Requested time 1775419140.746224 but the earliest data is at time 1775419141.163412, when looking up transform from frame [base_footprint] to frame [map]
[planner_server-3] 
[planner_server-3] [ERROR] [1775419155.763865639] [transformPoseInTargetFrame]: Extrapolation Error looking up target frame: Lookup would require extrapolation into the past.  Requested time 1775419141.974404 but the earliest data is at time 1775419143.021940, when looking up transform from frame [base_footprint] to frame [map]
[planner_server-3] 
[planner_server-3] [ERROR] [1775419158.764702160] [transformPoseInTargetFrame]: Extrapolation Error looking up target frame: Lookup would require extrapolation into the past.  Requested time 1775419144.860750 but the earliest data is at time 1775419145.022163, when looking up transform from frame [base_footprint] to frame [map]
[planner_server-3] 
[controller_server-1] [INFO] [1775419159.451387779] [local_costmap.local_costmap]: Message Filter dropping message: frame 'laser' at time 1775419158.931 for reason 'the timestamp on the message is earlier than all the data in the transform cache'
[planner_server-3] [ERROR] [1775419159.765884649] [transformPoseInTargetFrame]: Extrapolation Error looking up target frame: Lookup would require extrapolation into the past.  Requested time 1775419144.860750 but the earliest data is at time 1775419147.913916, when looking up transform from frame [base_footprint] to frame [map]
[planner_server-3] 
[planner_server-3] [ERROR] [1775419160.766963113] [transformPoseInTargetFrame]: Extrapolation Error looking up target frame: Lookup would require extrapolation into the past.  Requested time 1775419144.860750 but the earliest data is at time 1775419148.022027, when looking up transform from frame [base_footprint] to frame [map]
[planner_server-3] 
[planner_server-3] [ERROR] [1775419161.764315029] [transformPoseInTargetFrame]: Extrapolation Error looking up target frame: Lookup would require extrapolation into the past.  Requested time 1775419147.181948 but the earliest data is at time 1775419149.171900, when looking up transform from frame [base_footprint] to frame [map]
[planner_server-3] 
[controller_server-1] [INFO] [1775419162.294730898] [local_costmap.local_costmap]: Message Filter dropping message: frame 'laser' at time 1775419161.805 for reason 'the timestamp on the message is earlier than all the data in the transform cache'
[planner_server-3] [ERROR] [1775419162.763856590] [transformPoseInTargetFrame]: Extrapolation Error looking up target frame: Lookup would require extrapolation into the past.  Requested time 1775419147.181948 but the earliest data is at time 1775419149.960903, when looking up transform from frame [base_footprint] to frame [map]
[planner_server-3] 
[planner_server-3] [ERROR] [1775419163.758607681] [transformPoseInTargetFrame]: Extrapolation Error looking up target frame: Lookup would require extrapolation into the past.  Requested time 1775419147.181948 but the earliest data is at time 1775419150.422091, when looking up transform from frame [base_footprint] to frame [map]
[planner_server-3] 
[planner_server-3] [ERROR] [1775419164.763963630] [transformPoseInTargetFrame]: Extrapolation Error looking up target frame: Lookup would require extrapolation into the past.  Requested time 1775419148.964311 but the earliest data is at time 1775419152.063723, when looking up transform from frame [base_footprint] to frame [map]
[planner_server-3] 
[controller_server-1] [INFO] [1775419165.738185121] [local_costmap.local_costmap]: Message Filter dropping message: frame 'laser' at time 1775419165.231 for reason 'the timestamp on the message is earlier than all the data in the transform cache'
[planner_server-3] [ERROR] [1775419165.764963485] [transformPoseInTargetFrame]: Extrapolation Error looking up target frame: Lookup would require extrapolation into the past.  Requested time 1775419148.964311 but the earliest data is at time 1775419152.813645, when looking up transform from frame [base_footprint] to frame [map]
[planner_server-3] 
[planner_server-3] [ERROR] [1775419166.758732381] [transformPoseInTargetFrame]: Extrapolation Error looking up target frame: Lookup would require extrapolation into the past.  Requested time 1775419148.964311 but the earliest data is at time 1775419153.964920, when looking up transform from frame [base_footprint] to frame [map]
[planner_server-3] 
[planner_server-3] [ERROR] [1775419167.764807890] [transformPoseInTargetFrame]: Extrapolation Error looking up target frame: Lookup would require extrapolation into the past.  Requested time 1775419148.964311 but the earliest data is at time 1775419154.822040, when looking up transform from frame [base_footprint] to frame [map]
[planner_server-3] 
[planner_server-3] [ERROR] [1775419168.764385542] [transformPoseInTargetFrame]: Extrapolation Error looking up target frame: Lookup would require extrapolation into the past.  Requested time 1775419150.338491 but the earliest data is at time 1775419156.113858, when looking up transform from frame [base_footprint] to frame [map]
[planner_server-3] 
[controller_server-1] [INFO] [1775419168.887259282] [local_costmap.local_costmap]: Message Filter dropping message: frame 'laser' at time 1775419168.388 for reason 'the timestamp on the message is earlier than all the data in the transform cache'
[planner_server-3] [ERROR] [1775419169.766258602] [transformPoseInTargetFrame]: Extrapolation Error looking up target frame: Lookup would require extrapolation into the past.  Requested time 1775419150.338491 but the earliest data is at time 1775419157.164368, when looking up transform from frame [base_footprint] to frame [map]
[planner_server-3] 
[planner_server-3] [ERROR] [1775419170.764963747] [transformPoseInTargetFrame]: Extrapolation Error looking up target frame: Lookup would require extrapolation into the past.  Requested time 1775419152.119789 but the earliest data is at time 1775419157.613950, when looking up transform from frame [base_footprint] to frame [map]
[planner_server-3] 
[planner_server-3] [ERROR] [1775419171.764123950] [transformPoseInTargetFrame]: Extrapolation Error looking up target frame: Lookup would require extrapolation into the past.  Requested time 1775419152.119789 but the earliest data is at time 1775419158.822217, when looking up transform from frame [base_footprint] to frame [map]
[planner_server-3] 
[planner_server-3] [ERROR] [1775419172.765567753] [transformPoseInTargetFrame]: Extrapolation Error looking up target frame: Lookup would require extrapolation into the past.  Requested time 1775419154.588851 but the earliest data is at time 1775419160.263388, when looking up transform from frame [base_footprint] to frame [map]
[planner_server-3] 
[controller_server-1] [INFO] [1775419172.848190165] [local_costmap.local_costmap]: Message Filter dropping message: frame 'laser' at time 1775419172.368 for reason 'the timestamp on the message is earlier than all the data in the transform cache'
[planner_server-3] [ERROR] [1775419173.764311170] [transformPoseInTargetFrame]: Extrapolation Error looking up target frame: Lookup would require extrapolation into the past.  Requested time 1775419154.588851 but the earliest data is at time 1775419161.563663, when looking up transform from frame [base_footprint] to frame [map]
[planner_server-3] 
