[INFO] [launch]: All log files can be found below /home/jetson/.ros/log/2026-04-06-03-57-08-134127-chandan-16145
[INFO] [launch]: Default logging verbosity is set to INFO
[INFO] [controller_server-1]: process started with pid [16247]
[INFO] [smoother_server-2]: process started with pid [16249]
[INFO] [planner_server-3]: process started with pid [16251]
[INFO] [behavior_server-4]: process started with pid [16253]
[INFO] [bt_navigator-5]: process started with pid [16255]
[INFO] [waypoint_follower-6]: process started with pid [16257]
[INFO] [velocity_smoother-7]: process started with pid [16266]
[INFO] [lifecycle_manager-8]: process started with pid [16269]
[smoother_server-2] [INFO] [1775419028.783013604] [smoother_server]: 
[smoother_server-2] 	smoother_server lifecycle node launched. 
[smoother_server-2] 	Waiting on external lifecycle transitions to activate
[smoother_server-2] 	See https://design.ros2.org/articles/node_lifecycle.html for more information.
[smoother_server-2] [INFO] [1775419028.891958858] [smoother_server]: Creating smoother server
[behavior_server-4] [INFO] [1775419029.431131559] [behavior_server]: 
[behavior_server-4] 	behavior_server lifecycle node launched. 
[behavior_server-4] 	Waiting on external lifecycle transitions to activate
[behavior_server-4] 	See https://design.ros2.org/articles/node_lifecycle.html for more information.
[controller_server-1] [INFO] [1775419029.567527583] [controller_server]: 
[controller_server-1] 	controller_server lifecycle node launched. 
[controller_server-1] 	Waiting on external lifecycle transitions to activate
[controller_server-1] 	See https://design.ros2.org/articles/node_lifecycle.html for more information.
[waypoint_follower-6] [INFO] [1775419029.669071497] [waypoint_follower]: 
[waypoint_follower-6] 	waypoint_follower lifecycle node launched. 
[waypoint_follower-6] 	Waiting on external lifecycle transitions to activate
[waypoint_follower-6] 	See https://design.ros2.org/articles/node_lifecycle.html for more information.
[waypoint_follower-6] [INFO] [1775419029.670472102] [waypoint_follower]: Creating
[planner_server-3] [INFO] [1775419029.687364129] [planner_server]: 
[planner_server-3] 	planner_server lifecycle node launched. 
[planner_server-3] 	Waiting on external lifecycle transitions to activate
[planner_server-3] 	See https://design.ros2.org/articles/node_lifecycle.html for more information.
[planner_server-3] [INFO] [1775419029.694340113] [planner_server]: Creating
[controller_server-1] [INFO] [1775419029.709581866] [controller_server]: Creating controller server
[bt_navigator-5] [INFO] [1775419029.966021096] [bt_navigator]: 
[bt_navigator-5] 	bt_navigator lifecycle node launched. 
[bt_navigator-5] 	Waiting on external lifecycle transitions to activate
[bt_navigator-5] 	See https://design.ros2.org/articles/node_lifecycle.html for more information.
[bt_navigator-5] [INFO] [1775419029.969705588] [bt_navigator]: Creating
[lifecycle_manager-8] [INFO] [1775419030.300293437] [lifecycle_manager_navigation]: Creating
[lifecycle_manager-8] [INFO] [1775419030.398347324] [lifecycle_manager_navigation]: [34m[1mCreating and initializing lifecycle service clients[0m[0m
[velocity_smoother-7] [INFO] [1775419030.619161172] [velocity_smoother]: 
[velocity_smoother-7] 	velocity_smoother lifecycle node launched. 
[velocity_smoother-7] 	Waiting on external lifecycle transitions to activate
[velocity_smoother-7] 	See https://design.ros2.org/articles/node_lifecycle.html for more information.
[lifecycle_manager-8] [INFO] [1775419032.739425405] [lifecycle_manager_navigation]: Waiting for service smoother_server/get_state...
[controller_server-1] [INFO] [1775419033.681921183] [local_costmap.local_costmap]: 
[controller_server-1] 	local_costmap lifecycle node launched. 
[controller_server-1] 	Waiting on external lifecycle transitions to activate
[controller_server-1] 	See https://design.ros2.org/articles/node_lifecycle.html for more information.
[controller_server-1] [INFO] [1775419033.683153400] [local_costmap.local_costmap]: Creating Costmap
[smoother_server-2] [INFO] [1775419033.969119594] [smoother_server]: Configuring smoother server
[planner_server-3] [INFO] [1775419034.062694912] [global_costmap.global_costmap]: 
[planner_server-3] 	global_costmap lifecycle node launched. 
[planner_server-3] 	Waiting on external lifecycle transitions to activate
[planner_server-3] 	See https://design.ros2.org/articles/node_lifecycle.html for more information.
[planner_server-3] [INFO] [1775419034.063842359] [global_costmap.global_costmap]: Creating Costmap
[smoother_server-2] [INFO] [1775419034.377198990] [smoother_server]: Created smoother : simple_smoother of type nav2_smoother::SimpleSmoother
[planner_server-3] [INFO] [1775419034.394268490] [planner_server]: Configuring
[planner_server-3] [INFO] [1775419034.394362636] [global_costmap.global_costmap]: Configuring
[smoother_server-2] [INFO] [1775419034.424264910] [smoother_server]: Smoother Server has simple_smoother  smoothers available.
[planner_server-3] [INFO] [1775419034.464222236] [global_costmap.global_costmap]: Using plugin "static_layer"
[planner_server-3] [INFO] [1775419034.497464482] [global_costmap.global_costmap]: Subscribing to the map topic (/map) with transient local durability
[planner_server-3] [INFO] [1775419034.506841154] [global_costmap.global_costmap]: Initialized plugin "static_layer"
[planner_server-3] [INFO] [1775419034.673849615] [global_costmap.global_costmap]: StaticLayer: Resizing costmap to 185 X 172 at 0.050000 m/pix
[behavior_server-4] [INFO] [1775419034.679193628] [behavior_server]: Configuring
[planner_server-3] [INFO] [1775419034.674482524] [planner_server]: Created global planner plugin GridBased of type nav2_navfn_planner/NavfnPlanner
[planner_server-3] [INFO] [1775419034.699024209] [planner_server]: Configuring plugin GridBased of type NavfnPlanner
[planner_server-3] [INFO] [1775419034.712361473] [planner_server]: Planner Server has GridBased  planners available.
[behavior_server-4] [INFO] [1775419034.824347757] [behavior_server]: Creating behavior plugin spin of type nav2_behaviors/Spin
[behavior_server-4] [INFO] [1775419034.829657785] [behavior_server]: Configuring spin
[behavior_server-4] [INFO] [1775419034.892148691] [behavior_server]: Creating behavior plugin backup of type nav2_behaviors/BackUp
[behavior_server-4] [INFO] [1775419034.895743069] [behavior_server]: Configuring backup
[behavior_server-4] [INFO] [1775419034.918250792] [behavior_server]: Creating behavior plugin drive_on_heading of type nav2_behaviors/DriveOnHeading
[behavior_server-4] [INFO] [1775419034.921492202] [behavior_server]: Configuring drive_on_heading
[behavior_server-4] [INFO] [1775419034.943884690] [behavior_server]: Creating behavior plugin assisted_teleop of type nav2_behaviors/AssistedTeleop
[behavior_server-4] [INFO] [1775419034.949701449] [behavior_server]: Configuring assisted_teleop
[behavior_server-4] [INFO] [1775419035.006541168] [behavior_server]: Creating behavior plugin wait of type nav2_behaviors/Wait
[behavior_server-4] [INFO] [1775419035.010031703] [behavior_server]: Configuring wait
[bt_navigator-5] [INFO] [1775419035.071448121] [bt_navigator]: Configuring
[lifecycle_manager-8] [INFO] [1775419035.138760947] [lifecycle_manager_navigation]: [34m[1mStarting managed nodes bringup...[0m[0m
[lifecycle_manager-8] [INFO] [1775419035.144624619] [lifecycle_manager_navigation]: [34m[1mConfiguring controller_server[0m[0m
[controller_server-1] [INFO] [1775419035.151502583] [controller_server]: Configuring controller interface
[controller_server-1] [INFO] [1775419035.155215906] [controller_server]: getting goal checker plugins..
[controller_server-1] [INFO] [1775419035.156237527] [controller_server]: Controller frequency set to 10.0000Hz
[controller_server-1] [INFO] [1775419035.156368730] [local_costmap.local_costmap]: Configuring
[lifecycle_manager-8] [INFO] [1775419035.175208409] [lifecycle_manager_navigation]: [34m[1mConfiguring smoother_server[0m[0m
[smoother_server-2] [WARN] [1775419035.178850020] [rcl_lifecycle]: No transition matching 1 found for current state inactive
[smoother_server-2] [WARN] [1775419035.178913957] [rcl_lifecycle]: No transition matching 1 found for current state inactive
[smoother_server-2] [ERROR] [1775419035.178930149] [smoother_server]: Unable to start transition 1 from current state inactive: Transition is not registered., at ./src/rcl_lifecycle.c:355
[lifecycle_manager-8] [INFO] [1775419035.185784017] [lifecycle_manager_navigation]: [34m[1mConfiguring planner_server[0m[0m
[planner_server-3] [WARN] [1775419035.189084500] [rcl_lifecycle]: No transition matching 1 found for current state inactive
[planner_server-3] [WARN] [1775419035.189162133] [rcl_lifecycle]: No transition matching 1 found for current state inactive
[planner_server-3] [ERROR] [1775419035.189180534] [planner_server]: Unable to start transition 1 from current state inactive: Transition is not registered., at ./src/rcl_lifecycle.c:355
[lifecycle_manager-8] [INFO] [1775419035.196834962] [lifecycle_manager_navigation]: [34m[1mConfiguring behavior_server[0m[0m
[behavior_server-4] [WARN] [1775419035.199352037] [rcl_lifecycle]: No transition matching 1 found for current state inactive
[behavior_server-4] [WARN] [1775419035.199407366] [rcl_lifecycle]: No transition matching 1 found for current state inactive
[behavior_server-4] [ERROR] [1775419035.199428998] [behavior_server]: Unable to start transition 1 from current state inactive: Transition is not registered., at ./src/rcl_lifecycle.c:355
[lifecycle_manager-8] [INFO] [1775419035.204442349] [lifecycle_manager_navigation]: [34m[1mConfiguring bt_navigator[0m[0m
[controller_server-1] [INFO] [1775419035.434721372] [local_costmap.local_costmap]: Using plugin "obstacle_layer"
[controller_server-1] [INFO] [1775419035.502305468] [local_costmap.local_costmap]: Subscribed to Topics: scan
[controller_server-1] [INFO] [1775419035.637278967] [local_costmap.local_costmap]: Initialized plugin "obstacle_layer"
[controller_server-1] [INFO] [1775419035.637399898] [local_costmap.local_costmap]: Using plugin "inflation_layer"
[controller_server-1] [INFO] [1775419035.708527490] [local_costmap.local_costmap]: Initialized plugin "inflation_layer"
[waypoint_follower-6] [INFO] [1775419035.798097825] [waypoint_follower]: Configuring
[lifecycle_manager-8] [INFO] [1775419035.803110759] [lifecycle_manager_navigation]: [34m[1mConfiguring waypoint_follower[0m[0m
[bt_navigator-5] [WARN] [1775419035.894282087] [rcl_lifecycle]: No transition matching 1 found for current state inactive
[bt_navigator-5] [WARN] [1775419035.898007443] [rcl_lifecycle]: No transition matching 1 found for current state inactive
[bt_navigator-5] [ERROR] [1775419035.902384652] [bt_navigator]: Unable to start transition 1 from current state inactive: Transition is not registered., at ./src/rcl_lifecycle.c:355
[controller_server-1] [INFO] [1775419035.907720505] [controller_server]: Created progress_checker : progress_checker of type nav2_controller::PoseProgressChecker
[controller_server-1] [INFO] [1775419035.940305328] [controller_server]: Created goal checker : goal_checker of type nav2_controller::SimpleGoalChecker
[controller_server-1] [INFO] [1775419035.963201794] [controller_server]: Controller Server has goal_checker  goal checkers available.
[controller_server-1] [INFO] [1775419035.981001612] [controller_server]: Created controller : FollowPath of type dwb_core::DWBLocalPlanner
[lifecycle_manager-8] [INFO] [1775419036.017708055] [lifecycle_manager_navigation]: [34m[1mConfiguring velocity_smoother[0m[0m
[velocity_smoother-7] [INFO] [1775419036.018889679] [velocity_smoother]: Configuring velocity smoother
[controller_server-1] [INFO] [1775419036.039500882] [controller_server]: Setting transform_tolerance to 0.200000
[velocity_smoother-7] [WARN] [1775419036.079532351] [rcl_lifecycle]: No transition matching 1 found for current state inactive
[velocity_smoother-7] [WARN] [1775419036.082307128] [rcl_lifecycle]: No transition matching 1 found for current state inactive
[velocity_smoother-7] [ERROR] [1775419036.085415543] [velocity_smoother]: Unable to start transition 1 from current state inactive: Transition is not registered., at ./src/rcl_lifecycle.c:355
[lifecycle_manager-8] [INFO] [1775419036.096471447] [lifecycle_manager_navigation]: [34m[1mActivating controller_server[0m[0m
[waypoint_follower-6] [INFO] [1775419036.128108794] [waypoint_follower]: Created waypoint_task_executor : wait_at_waypoint of type nav2_waypoint_follower::WaitAtWaypoint
[controller_server-1] [INFO] [1775419036.129784764] [controller_server]: Using critic "RotateToGoal" (dwb_critics::RotateToGoalCritic)
[waypoint_follower-6] [INFO] [1775419036.136412035] [waypoint_follower]: Waypoint pause duration is set to zero, disabling task executor plugin.
[waypoint_follower-6] [WARN] [1775419036.137865504] [rcl_lifecycle]: No transition matching 1 found for current state inactive
[waypoint_follower-6] [WARN] [1775419036.137901281] [rcl_lifecycle]: No transition matching 1 found for current state inactive
[waypoint_follower-6] [ERROR] [1775419036.137917025] [waypoint_follower]: Unable to start transition 1 from current state inactive: Transition is not registered., at ./src/rcl_lifecycle.c:355
[controller_server-1] [INFO] [1775419036.144838830] [controller_server]: Critic plugin initialized
[controller_server-1] [INFO] [1775419036.146362445] [controller_server]: Using critic "Oscillation" (dwb_critics::OscillationCritic)
[controller_server-1] [INFO] [1775419036.152919698] [controller_server]: Critic plugin initialized
[controller_server-1] [INFO] [1775419036.154093226] [controller_server]: Using critic "BaseObstacle" (dwb_critics::BaseObstacleCritic)
[controller_server-1] [INFO] [1775419036.156237622] [controller_server]: Critic plugin initialized
[controller_server-1] [INFO] [1775419036.157435502] [controller_server]: Using critic "GoalAlign" (dwb_critics::GoalAlignCritic)
[controller_server-1] [INFO] [1775419036.163307397] [controller_server]: Critic plugin initialized
[controller_server-1] [INFO] [1775419036.164524766] [controller_server]: Using critic "PathAlign" (dwb_critics::PathAlignCritic)
[controller_server-1] [INFO] [1775419036.166745675] [controller_server]: Critic plugin initialized
[controller_server-1] [INFO] [1775419036.169949548] [controller_server]: Using critic "PathDist" (dwb_critics::PathDistCritic)
[controller_server-1] [INFO] [1775419036.172668708] [controller_server]: Critic plugin initialized
[controller_server-1] [INFO] [1775419036.174650412] [controller_server]: Using critic "GoalDist" (dwb_critics::GoalDistCritic)
[controller_server-1] [INFO] [1775419036.177012700] [controller_server]: Critic plugin initialized
[controller_server-1] [INFO] [1775419036.177103198] [controller_server]: Controller Server has FollowPath  controllers available.
[controller_server-1] [INFO] [1775419036.211539289] [controller_server]: Activating
[controller_server-1] [INFO] [1775419036.211721821] [local_costmap.local_costmap]: Activating
[controller_server-1] [INFO] [1775419036.211828607] [local_costmap.local_costmap]: Checking transform
[controller_server-1] [INFO] [1775419036.212117061] [local_costmap.local_costmap]: start
[controller_server-1] [INFO] [1775419036.267783376] [controller_server]: Creating bond (controller_server) to lifecycle manager.
[controller_server-1] [WARN] [1775419036.283650419] [rcl_lifecycle]: No transition matching 3 found for current state active
[controller_server-1] [WARN] [1775419036.283718388] [rcl_lifecycle]: No transition matching 3 found for current state active
[controller_server-1] [ERROR] [1775419036.283735636] [controller_server]: Unable to start transition 3 from current state active: Transition is not registered., at ./src/rcl_lifecycle.c:355
[lifecycle_manager-8] [INFO] [1775419036.330062530] [lifecycle_manager_navigation]: Server controller_server connected with bond.
[lifecycle_manager-8] [INFO] [1775419036.330228517] [lifecycle_manager_navigation]: [34m[1mActivating smoother_server[0m[0m
[smoother_server-2] [INFO] [1775419036.334226998] [smoother_server]: Activating
[smoother_server-2] [INFO] [1775419036.334338105] [smoother_server]: Creating bond (smoother_server) to lifecycle manager.
[smoother_server-2] [WARN] [1775419036.378253589] [rcl_lifecycle]: No transition matching 3 found for current state active
[smoother_server-2] [WARN] [1775419036.378331510] [rcl_lifecycle]: No transition matching 3 found for current state active
[smoother_server-2] [ERROR] [1775419036.378346007] [smoother_server]: Unable to start transition 3 from current state active: Transition is not registered., at ./src/rcl_lifecycle.c:355
[lifecycle_manager-8] [INFO] [1775419036.457485151] [lifecycle_manager_navigation]: Server smoother_server connected with bond.
[lifecycle_manager-8] [INFO] [1775419036.457593953] [lifecycle_manager_navigation]: [34m[1mActivating planner_server[0m[0m
[planner_server-3] [INFO] [1775419036.459022206] [planner_server]: Activating
[planner_server-3] [INFO] [1775419036.459174881] [global_costmap.global_costmap]: Activating
[planner_server-3] [INFO] [1775419036.459229858] [global_costmap.global_costmap]: Checking transform
[planner_server-3] [INFO] [1775419036.459501576] [global_costmap.global_costmap]: start
[planner_server-3] [INFO] [1775419036.509796806] [planner_server]: Activating plugin GridBased of type NavfnPlanner
[planner_server-3] [INFO] [1775419036.517483810] [planner_server]: Creating bond (planner_server) to lifecycle manager.
[planner_server-3] [WARN] [1775419036.548555641] [rcl_lifecycle]: No transition matching 3 found for current state active
[planner_server-3] [WARN] [1775419036.550002263] [rcl_lifecycle]: No transition matching 3 found for current state active
[planner_server-3] [ERROR] [1775419036.550031511] [planner_server]: Unable to start transition 3 from current state active: Transition is not registered., at ./src/rcl_lifecycle.c:355
[lifecycle_manager-8] [INFO] [1775419036.652484217] [lifecycle_manager_navigation]: Server planner_server connected with bond.
[lifecycle_manager-8] [INFO] [1775419036.652634428] [lifecycle_manager_navigation]: [34m[1mActivating behavior_server[0m[0m
[behavior_server-4] [INFO] [1775419036.655513206] [behavior_server]: Activating
[behavior_server-4] [INFO] [1775419036.655623545] [behavior_server]: Activating spin
[behavior_server-4] [INFO] [1775419036.655673754] [behavior_server]: Activating backup
[behavior_server-4] [INFO] [1775419036.655710138] [behavior_server]: Activating drive_on_heading
[behavior_server-4] [INFO] [1775419036.655743931] [behavior_server]: Activating assisted_teleop
[behavior_server-4] [INFO] [1775419036.655775772] [behavior_server]: Activating wait
[behavior_server-4] [INFO] [1775419036.655816541] [behavior_server]: Creating bond (behavior_server) to lifecycle manager.
[behavior_server-4] [WARN] [1775419036.706310367] [rcl_lifecycle]: No transition matching 3 found for current state active
[behavior_server-4] [WARN] [1775419036.706385280] [rcl_lifecycle]: No transition matching 3 found for current state active
[behavior_server-4] [ERROR] [1775419036.706416033] [behavior_server]: Unable to start transition 3 from current state active: Transition is not registered., at ./src/rcl_lifecycle.c:355
[lifecycle_manager-8] [INFO] [1775419036.810978605] [lifecycle_manager_navigation]: Server behavior_server connected with bond.
[lifecycle_manager-8] [INFO] [1775419036.811114672] [lifecycle_manager_navigation]: [34m[1mActivating bt_navigator[0m[0m
[bt_navigator-5] [INFO] [1775419036.812278408] [bt_navigator]: Activating
[bt_navigator-5] [INFO] [1775419037.551308028] [bt_navigator]: Creating bond (bt_navigator) to lifecycle manager.
[bt_navigator-5] [WARN] [1775419037.583525801] [rcl_lifecycle]: No transition matching 3 found for current state active
[bt_navigator-5] [WARN] [1775419037.585600307] [rcl_lifecycle]: No transition matching 3 found for current state active
[bt_navigator-5] [ERROR] [1775419037.587010032] [bt_navigator]: Unable to start transition 3 from current state active: Transition is not registered., at ./src/rcl_lifecycle.c:355
[waypoint_follower-6] [INFO] [1775419037.696572222] [waypoint_follower]: Activating
[waypoint_follower-6] [INFO] [1775419037.696708609] [waypoint_follower]: Creating bond (waypoint_follower) to lifecycle manager.
[lifecycle_manager-8] [INFO] [1775419037.697682197] [lifecycle_manager_navigation]: Server bt_navigator connected with bond.
[lifecycle_manager-8] [INFO] [1775419037.697797207] [lifecycle_manager_navigation]: [34m[1mActivating waypoint_follower[0m[0m
[waypoint_follower-6] [WARN] [1775419037.741617680] [rcl_lifecycle]: No transition matching 3 found for current state active
[waypoint_follower-6] [WARN] [1775419037.741689425] [rcl_lifecycle]: No transition matching 3 found for current state active
[waypoint_follower-6] [ERROR] [1775419037.741701873] [waypoint_follower]: Unable to start transition 3 from current state active: Transition is not registered., at ./src/rcl_lifecycle.c:355
[velocity_smoother-7] [INFO] [1775419037.851689352] [velocity_smoother]: Activating
[velocity_smoother-7] [INFO] [1775419037.851842443] [velocity_smoother]: Creating bond (velocity_smoother) to lifecycle manager.
[lifecycle_manager-8] [INFO] [1775419037.931448122] [lifecycle_manager_navigation]: Server waypoint_follower connected with bond.
[lifecycle_manager-8] [INFO] [1775419037.931576573] [lifecycle_manager_navigation]: [34m[1mActivating velocity_smoother[0m[0m
[velocity_smoother-7] [WARN] [1775419037.932821718] [rcl_lifecycle]: No transition matching 3 found for current state active
[velocity_smoother-7] [WARN] [1775419037.932865431] [rcl_lifecycle]: No transition matching 3 found for current state active
[velocity_smoother-7] [ERROR] [1775419037.932878551] [velocity_smoother]: Unable to start transition 3 from current state active: Transition is not registered., at ./src/rcl_lifecycle.c:355
[lifecycle_manager-8] [INFO] [1775419038.008466068] [lifecycle_manager_navigation]: Server velocity_smoother connected with bond.
[lifecycle_manager-8] [INFO] [1775419038.008607511] [lifecycle_manager_navigation]: [34m[1mManaged nodes are active[0m[0m
[lifecycle_manager-8] [INFO] [1775419038.008635031] [lifecycle_manager_navigation]: [34m[1mCreating bond timer...[0m[0m
[controller_server-1] [INFO] [1775419055.877735536] [local_costmap.local_costmap]: Message Filter dropping message: frame 'laser' at time 1775419055.442 for reason 'the timestamp on the message is earlier than all the data in the transform cache'
[controller_server-1] [INFO] [1775419058.569458451] [local_costmap.local_costmap]: Message Filter dropping message: frame 'laser' at time 1775419058.046 for reason 'the timestamp on the message is earlier than all the data in the transform cache'
[controller_server-1] [INFO] [1775419062.782289191] [local_costmap.local_costmap]: Message Filter dropping message: frame 'laser' at time 1775419062.295 for reason 'the timestamp on the message is earlier than all the data in the transform cache'
[controller_server-1] [INFO] [1775419065.499732554] [local_costmap.local_costmap]: Message Filter dropping message: frame 'laser' at time 1775419065.035 for reason 'the timestamp on the message is earlier than all the data in the transform cache'
[controller_server-1] [INFO] [1775419068.269033023] [local_costmap.local_costmap]: Message Filter dropping message: frame 'laser' at time 1775419067.785 for reason 'the timestamp on the message is earlier than all the data in the transform cache'
[controller_server-1] [INFO] [1775419071.019084267] [local_costmap.local_costmap]: Message Filter dropping message: frame 'laser' at time 1775419070.524 for reason 'the timestamp on the message is earlier than all the data in the transform cache'
[controller_server-1] [INFO] [1775419073.721733622] [local_costmap.local_costmap]: Message Filter dropping message: frame 'laser' at time 1775419073.264 for reason 'the timestamp on the message is earlier than all the data in the transform cache'
[controller_server-1] [INFO] [1775419076.311871942] [local_costmap.local_costmap]: Message Filter dropping message: frame 'laser' at time 1775419075.868 for reason 'the timestamp on the message is earlier than all the data in the transform cache'
[controller_server-1] [INFO] [1775419079.235644953] [local_costmap.local_costmap]: Message Filter dropping message: frame 'laser' at time 1775419078.741 for reason 'the timestamp on the message is earlier than all the data in the transform cache'
[controller_server-1] [INFO] [1775419082.380095852] [local_costmap.local_costmap]: Message Filter dropping message: frame 'laser' at time 1775419081.901 for reason 'the timestamp on the message is earlier than all the data in the transform cache'
[controller_server-1] [INFO] [1775419085.741794181] [local_costmap.local_costmap]: Message Filter dropping message: frame 'laser' at time 1775419085.191 for reason 'the timestamp on the message is earlier than all the data in the transform cache'
[controller_server-1] [INFO] [1775419089.902928657] [local_costmap.local_costmap]: Message Filter dropping message: frame 'laser' at time 1775419089.439 for reason 'the timestamp on the message is earlier than all the data in the transform cache'
[controller_server-1] [INFO] [1775419092.555902361] [local_costmap.local_costmap]: Message Filter dropping message: frame 'laser' at time 1775419092.044 for reason 'the timestamp on the message is earlier than all the data in the transform cache'
[controller_server-1] [INFO] [1775419095.094346332] [local_costmap.local_costmap]: Message Filter dropping message: frame 'laser' at time 1775419094.647 for reason 'the timestamp on the message is earlier than all the data in the transform cache'
[controller_server-1] [INFO] [1775419097.900867688] [local_costmap.local_costmap]: Message Filter dropping message: frame 'laser' at time 1775419097.398 for reason 'the timestamp on the message is earlier than all the data in the transform cache'
[controller_server-1] [INFO] [1775419100.530872637] [local_costmap.local_costmap]: Message Filter dropping message: frame 'laser' at time 1775419100.002 for reason 'the timestamp on the message is earlier than all the data in the transform cache'
[planner_server-3] [ERROR] [1775419100.766385729] [transformPoseInTargetFrame]: Extrapolation Error looking up target frame: Lookup would require extrapolation into the past.  Requested time 1775419087.699735 but the earliest data is at time 1775419088.614417, when looking up transform from frame [base_footprint] to frame [map]
[planner_server-3] 
[planner_server-3] [ERROR] [1775419101.766435674] [transformPoseInTargetFrame]: Extrapolation Error looking up target frame: Lookup would require extrapolation into the past.  Requested time 1775419087.970149 but the earliest data is at time 1775419088.972823, when looking up transform from frame [base_footprint] to frame [map]
[planner_server-3] 
[planner_server-3] [ERROR] [1775419102.766485911] [transformPoseInTargetFrame]: Extrapolation Error looking up target frame: Lookup would require extrapolation into the past.  Requested time 1775419087.970149 but the earliest data is at time 1775419090.172673, when looking up transform from frame [base_footprint] to frame [map]
[planner_server-3] 
[controller_server-1] [INFO] [1775419103.535695997] [local_costmap.local_costmap]: Message Filter dropping message: frame 'laser' at time 1775419103.012 for reason 'the timestamp on the message is earlier than all the data in the transform cache'
[planner_server-3] [ERROR] [1775419103.769223464] [transformPoseInTargetFrame]: Extrapolation Error looking up target frame: Lookup would require extrapolation into the past.  Requested time 1775419087.970149 but the earliest data is at time 1775419090.963470, when looking up transform from frame [base_footprint] to frame [map]
[planner_server-3] 
[planner_server-3] [ERROR] [1775419104.767198470] [transformPoseInTargetFrame]: Extrapolation Error looking up target frame: Lookup would require extrapolation into the past.  Requested time 1775419087.970149 but the earliest data is at time 1775419092.063785, when looking up transform from frame [base_footprint] to frame [map]
[planner_server-3] 
[planner_server-3] [ERROR] [1775419105.768418083] [transformPoseInTargetFrame]: Extrapolation Error looking up target frame: Lookup would require extrapolation into the past.  Requested time 1775419090.991580 but the earliest data is at time 1775419092.522006, when looking up transform from frame [base_footprint] to frame [map]
[planner_server-3] 
[controller_server-1] [INFO] [1775419106.556732800] [local_costmap.local_costmap]: Message Filter dropping message: frame 'laser' at time 1775419106.032 for reason 'the timestamp on the message is earlier than all the data in the transform cache'
[planner_server-3] [ERROR] [1775419106.767939812] [transformPoseInTargetFrame]: Extrapolation Error looking up target frame: Lookup would require extrapolation into the past.  Requested time 1775419090.991580 but the earliest data is at time 1775419093.863762, when looking up transform from frame [base_footprint] to frame [map]
[planner_server-3] 
[planner_server-3] [ERROR] [1775419107.766547994] [transformPoseInTargetFrame]: Extrapolation Error looking up target frame: Lookup would require extrapolation into the past.  Requested time 1775419092.637852 but the earliest data is at time 1775419095.064175, when looking up transform from frame [base_footprint] to frame [map]
[planner_server-3] 
[planner_server-3] [ERROR] [1775419108.767666816] [transformPoseInTargetFrame]: Extrapolation Error looking up target frame: Lookup would require extrapolation into the past.  Requested time 1775419094.973125 but the earliest data is at time 1775419095.872035, when looking up transform from frame [base_footprint] to frame [map]
[planner_server-3] 
[planner_server-3] [ERROR] [1775419109.767379121] [transformPoseInTargetFrame]: Extrapolation Error looking up target frame: Lookup would require extrapolation into the past.  Requested time 1775419094.973125 but the earliest data is at time 1775419096.871887, when looking up transform from frame [base_footprint] to frame [map]
[planner_server-3] 
[controller_server-1] [INFO] [1775419110.388495486] [local_costmap.local_costmap]: Message Filter dropping message: frame 'laser' at time 1775419109.864 for reason 'the timestamp on the message is earlier than all the data in the transform cache'
[planner_server-3] [ERROR] [1775419111.766817760] [transformPoseInTargetFrame]: Extrapolation Error looking up target frame: Lookup would require extrapolation into the past.  Requested time 1775419098.532704 but the earliest data is at time 1775419098.963461, when looking up transform from frame [base_footprint] to frame [map]
[planner_server-3] 
[planner_server-3] [ERROR] [1775419112.766686721] [transformPoseInTargetFrame]: Extrapolation Error looking up target frame: Lookup would require extrapolation into the past.  Requested time 1775419098.532704 but the earliest data is at time 1775419100.371810, when looking up transform from frame [base_footprint] to frame [map]
[planner_server-3] 
[planner_server-3] [ERROR] [1775419113.766210816] [transformPoseInTargetFrame]: Extrapolation Error looking up target frame: Lookup would require extrapolation into the past.  Requested time 1775419099.625845 but the earliest data is at time 1775419101.513712, when looking up transform from frame [base_footprint] to frame [map]
[planner_server-3] 
[controller_server-1] [INFO] [1775419114.084656596] [local_costmap.local_costmap]: Message Filter dropping message: frame 'laser' at time 1775419113.573 for reason 'the timestamp on the message is earlier than all the data in the transform cache'
[planner_server-3] [ERROR] [1775419114.767247743] [transformPoseInTargetFrame]: Extrapolation Error looking up target frame: Lookup would require extrapolation into the past.  Requested time 1775419100.583761 but the earliest data is at time 1775419101.513712, when looking up transform from frame [base_footprint] to frame [map]
[planner_server-3] 
[controller_server-1] [INFO] [1775419117.498102519] [local_costmap.local_costmap]: Message Filter dropping message: frame 'laser' at time 1775419117.000 for reason 'the timestamp on the message is earlier than all the data in the transform cache'
[planner_server-3] [ERROR] [1775419120.767255312] [transformPoseInTargetFrame]: Extrapolation Error looking up target frame: Lookup would require extrapolation into the past.  Requested time 1775419107.437562 but the earliest data is at time 1775419108.121952, when looking up transform from frame [base_footprint] to frame [map]
[planner_server-3] 
[controller_server-1] [INFO] [1775419121.487424311] [local_costmap.local_costmap]: Message Filter dropping message: frame 'laser' at time 1775419120.967 for reason 'the timestamp on the message is earlier than all the data in the transform cache'
[planner_server-3] [ERROR] [1775419121.767712199] [transformPoseInTargetFrame]: Extrapolation Error looking up target frame: Lookup would require extrapolation into the past.  Requested time 1775419107.437562 but the earliest data is at time 1775419108.715707, when looking up transform from frame [base_footprint] to frame [map]
[planner_server-3] 
[planner_server-3] [ERROR] [1775419122.768437609] [transformPoseInTargetFrame]: Extrapolation Error looking up target frame: Lookup would require extrapolation into the past.  Requested time 1775419107.856171 but the earliest data is at time 1775419109.865275, when looking up transform from frame [base_footprint] to frame [map]
[planner_server-3] 
[planner_server-3] [ERROR] [1775419123.766790567] [transformPoseInTargetFrame]: Extrapolation Error looking up target frame: Lookup would require extrapolation into the past.  Requested time 1775419110.041021 but the earliest data is at time 1775419111.110613, when looking up transform from frame [base_footprint] to frame [map]
[planner_server-3] 
[planner_server-3] [ERROR] [1775419124.765873079] [transformPoseInTargetFrame]: Extrapolation Error looking up target frame: Lookup would require extrapolation into the past.  Requested time 1775419110.041021 but the earliest data is at time 1775419111.922286, when looking up transform from frame [base_footprint] to frame [map]
[planner_server-3] 
[controller_server-1] [INFO] [1775419125.746289702] [local_costmap.local_costmap]: Message Filter dropping message: frame 'laser' at time 1775419125.219 for reason 'the timestamp on the message is earlier than all the data in the transform cache'
[planner_server-3] [ERROR] [1775419126.767490854] [transformPoseInTargetFrame]: Extrapolation Error looking up target frame: Lookup would require extrapolation into the past.  Requested time 1775419113.334571 but the earliest data is at time 1775419114.763811, when looking up transform from frame [base_footprint] to frame [map]
[planner_server-3] 
[planner_server-3] [ERROR] [1775419127.766203458] [transformPoseInTargetFrame]: Extrapolation Error looking up target frame: Lookup would require extrapolation into the past.  Requested time 1775419113.334571 but the earliest data is at time 1775419114.919008, when looking up transform from frame [base_footprint] to frame [map]
[planner_server-3] 
[controller_server-1] [INFO] [1775419128.412745055] [local_costmap.local_costmap]: Message Filter dropping message: frame 'laser' at time 1775419127.968 for reason 'the timestamp on the message is earlier than all the data in the transform cache'
[planner_server-3] [ERROR] [1775419128.768986027] [transformPoseInTargetFrame]: Extrapolation Error looking up target frame: Lookup would require extrapolation into the past.  Requested time 1775419114.021858 but the earliest data is at time 1775419116.122441, when looking up transform from frame [base_footprint] to frame [map]
[planner_server-3] 
[planner_server-3] [ERROR] [1775419129.766314906] [transformPoseInTargetFrame]: Extrapolation Error looking up target frame: Lookup would require extrapolation into the past.  Requested time 1775419115.531014 but the earliest data is at time 1775419116.722301, when looking up transform from frame [base_footprint] to frame [map]
[planner_server-3] 
[planner_server-3] [ERROR] [1775419130.766606436] [transformPoseInTargetFrame]: Extrapolation Error looking up target frame: Lookup would require extrapolation into the past.  Requested time 1775419115.531014 but the earliest data is at time 1775419117.929153, when looking up transform from frame [base_footprint] to frame [map]
[planner_server-3] 
[controller_server-1] [INFO] [1775419131.044861102] [local_costmap.local_costmap]: Message Filter dropping message: frame 'laser' at time 1775419130.559 for reason 'the timestamp on the message is earlier than all the data in the transform cache'
[planner_server-3] [ERROR] [1775419131.768439503] [transformPoseInTargetFrame]: Extrapolation Error looking up target frame: Lookup would require extrapolation into the past.  Requested time 1775419116.759517 but the earliest data is at time 1775419119.213592, when looking up transform from frame [base_footprint] to frame [map]
[planner_server-3] 
[planner_server-3] [ERROR] [1775419132.766271771] [transformPoseInTargetFrame]: Extrapolation Error looking up target frame: Lookup would require extrapolation into the past.  Requested time 1775419116.759517 but the earliest data is at time 1775419119.213592, when looking up transform from frame [base_footprint] to frame [map]
[planner_server-3] 
[controller_server-1] [INFO] [1775419133.649393930] [local_costmap.local_costmap]: Message Filter dropping message: frame 'laser' at time 1775419133.166 for reason 'the timestamp on the message is earlier than all the data in the transform cache'
[planner_server-3] [ERROR] [1775419133.766658906] [transformPoseInTargetFrame]: Extrapolation Error looking up target frame: Lookup would require extrapolation into the past.  Requested time 1775419117.864644 but the earliest data is at time 1775419121.213820, when looking up transform from frame [base_footprint] to frame [map]
[planner_server-3] 
[planner_server-3] [ERROR] [1775419134.765445572] [transformPoseInTargetFrame]: Extrapolation Error looking up target frame: Lookup would require extrapolation into the past.  Requested time 1775419119.510397 but the earliest data is at time 1775419122.222019, when looking up transform from frame [base_footprint] to frame [map]
[planner_server-3] 
[planner_server-3] [ERROR] [1775419135.768632576] [transformPoseInTargetFrame]: Extrapolation Error looking up target frame: Lookup would require extrapolation into the past.  Requested time 1775419119.917088 but the earliest data is at time 1775419123.114570, when looking up transform from frame [base_footprint] to frame [map]
[planner_server-3] 
[planner_server-3] [ERROR] [1775419136.768228966] [transformPoseInTargetFrame]: Extrapolation Error looking up target frame: Lookup would require extrapolation into the past.  Requested time 1775419121.009691 but the earliest data is at time 1775419123.668027, when looking up transform from frame [base_footprint] to frame [map]
[planner_server-3] 
[planner_server-3] [ERROR] [1775419137.767299849] [transformPoseInTargetFrame]: Extrapolation Error looking up target frame: Lookup would require extrapolation into the past.  Requested time 1775419121.966942 but the earliest data is at time 1775419125.144396, when looking up transform from frame [base_footprint] to frame [map]
[planner_server-3] 
[controller_server-1] [INFO] [1775419137.793726065] [local_costmap.local_costmap]: Message Filter dropping message: frame 'laser' at time 1775419137.277 for reason 'the timestamp on the message is earlier than all the data in the transform cache'
[planner_server-3] [ERROR] [1775419138.767403206] [transformPoseInTargetFrame]: Extrapolation Error looking up target frame: Lookup would require extrapolation into the past.  Requested time 1775419122.655835 but the earliest data is at time 1775419126.022037, when looking up transform from frame [base_footprint] to frame [map]
[planner_server-3] 
[planner_server-3] [ERROR] [1775419139.767085762] [transformPoseInTargetFrame]: Extrapolation Error looking up target frame: Lookup would require extrapolation into the past.  Requested time 1775419123.896610 but the earliest data is at time 1775419127.363415, when looking up transform from frame [base_footprint] to frame [map]
[planner_server-3] 
[controller_server-1] [INFO] [1775419140.641974121] [local_costmap.local_costmap]: Message Filter dropping message: frame 'laser' at time 1775419140.151 for reason 'the timestamp on the message is earlier than all the data in the transform cache'
[planner_server-3] [ERROR] [1775419140.766409120] [transformPoseInTargetFrame]: Extrapolation Error looking up target frame: Lookup would require extrapolation into the past.  Requested time 1775419124.165753 but the earliest data is at time 1775419127.922240, when looking up transform from frame [base_footprint] to frame [map]
[planner_server-3] 
[planner_server-3] [ERROR] [1775419141.764609105] [transformPoseInTargetFrame]: Extrapolation Error looking up target frame: Lookup would require extrapolation into the past.  Requested time 1775419124.989290 but the earliest data is at time 1775419130.013470, when looking up transform from frame [base_footprint] to frame [map]
[planner_server-3] 
[planner_server-3] [ERROR] [1775419142.765906719] [transformPoseInTargetFrame]: Extrapolation Error looking up target frame: Lookup would require extrapolation into the past.  Requested time 1775419126.365269 but the earliest data is at time 1775419130.063507, when looking up transform from frame [base_footprint] to frame [map]
[planner_server-3] 
[controller_server-1] [INFO] [1775419143.389610243] [local_costmap.local_costmap]: Message Filter dropping message: frame 'laser' at time 1775419142.903 for reason 'the timestamp on the message is earlier than all the data in the transform cache'
[planner_server-3] [ERROR] [1775419143.764686922] [transformPoseInTargetFrame]: Extrapolation Error looking up target frame: Lookup would require extrapolation into the past.  Requested time 1775419126.904170 but the earliest data is at time 1775419131.171909, when looking up transform from frame [base_footprint] to frame [map]
[planner_server-3] 
[planner_server-3] [ERROR] [1775419144.764606864] [transformPoseInTargetFrame]: Extrapolation Error looking up target frame: Lookup would require extrapolation into the past.  Requested time 1775419128.144776 but the earliest data is at time 1775419131.713918, when looking up transform from frame [base_footprint] to frame [map]
[planner_server-3] 
[planner_server-3] [ERROR] [1775419145.765405100] [transformPoseInTargetFrame]: Extrapolation Error looking up target frame: Lookup would require extrapolation into the past.  Requested time 1775419129.238113 but the earliest data is at time 1775419133.372040, when looking up transform from frame [base_footprint] to frame [map]
[planner_server-3] 
[planner_server-3] [ERROR] [1775419146.764396882] [transformPoseInTargetFrame]: Extrapolation Error looking up target frame: Lookup would require extrapolation into the past.  Requested time 1775419130.196785 but the earliest data is at time 1775419134.173629, when looking up transform from frame [base_footprint] to frame [map]
[planner_server-3] 
[controller_server-1] [INFO] [1775419147.242497104] [local_costmap.local_costmap]: Message Filter dropping message: frame 'laser' at time 1775419146.736 for reason 'the timestamp on the message is earlier than all the data in the transform cache'
[planner_server-3] [ERROR] [1775419147.765165662] [transformPoseInTargetFrame]: Extrapolation Error looking up target frame: Lookup would require extrapolation into the past.  Requested time 1775419133.069801 but the earliest data is at time 1775419134.922305, when looking up transform from frame [base_footprint] to frame [map]
[planner_server-3] 
[planner_server-3] [ERROR] [1775419148.764929665] [transformPoseInTargetFrame]: Extrapolation Error looking up target frame: Lookup would require extrapolation into the past.  Requested time 1775419134.987198 but the earliest data is at time 1775419136.003220, when looking up transform from frame [base_footprint] to frame [map]
[planner_server-3] 
[planner_server-3] [ERROR] [1775419149.764647435] [transformPoseInTargetFrame]: Extrapolation Error looking up target frame: Lookup would require extrapolation into the past.  Requested time 1775419134.987198 but the earliest data is at time 1775419136.274966, when looking up transform from frame [base_footprint] to frame [map]
[planner_server-3] 
[controller_server-1] [INFO] [1775419150.125950191] [local_costmap.local_costmap]: Message Filter dropping message: frame 'laser' at time 1775419149.609 for reason 'the timestamp on the message is earlier than all the data in the transform cache'
[planner_server-3] [ERROR] [1775419150.764910086] [transformPoseInTargetFrame]: Extrapolation Error looking up target frame: Lookup would require extrapolation into the past.  Requested time 1775419135.945771 but the earliest data is at time 1775419137.663600, when looking up transform from frame [base_footprint] to frame [map]
[planner_server-3] 
[planner_server-3] [ERROR] [1775419151.765961752] [transformPoseInTargetFrame]: Extrapolation Error looking up target frame: Lookup would require extrapolation into the past.  Requested time 1775419136.914119 but the earliest data is at time 1775419138.171884, when looking up transform from frame [base_footprint] to frame [map]
[planner_server-3] 
[planner_server-3] [ERROR] [1775419152.765341365] [transformPoseInTargetFrame]: Extrapolation Error looking up target frame: Lookup would require extrapolation into the past.  Requested time 1775419138.695091 but the earliest data is at time 1775419139.779121, when looking up transform from frame [base_footprint] to frame [map]
[planner_server-3] 
[controller_server-1] [INFO] [1775419152.847871557] [local_costmap.local_costmap]: Message Filter dropping message: frame 'laser' at time 1775419152.349 for reason 'the timestamp on the message is earlier than all the data in the transform cache'
[planner_server-3] [ERROR] [1775419154.765227549] [transformPoseInTargetFrame]: Extrapolation Error looking up target frame: Lookup would require extrapolation into the past.  Requested time 1775419140.746224 but the earliest data is at time 1775419142.171771, when looking up transform from frame [base_footprint] to frame [map]
[planner_server-3] 
[controller_server-1] [INFO] [1775419156.029036685] [local_costmap.local_costmap]: Message Filter dropping message: frame 'laser' at time 1775419155.505 for reason 'the timestamp on the message is earlier than all the data in the transform cache'
[planner_server-3] [ERROR] [1775419156.764879203] [transformPoseInTargetFrame]: Extrapolation Error looking up target frame: Lookup would require extrapolation into the past.  Requested time 1775419143.485139 but the earliest data is at time 1775419144.322026, when looking up transform from frame [base_footprint] to frame [map]
[planner_server-3] 
[planner_server-3] [ERROR] [1775419157.764884598] [transformPoseInTargetFrame]: Extrapolation Error looking up target frame: Lookup would require extrapolation into the past.  Requested time 1775419143.485139 but the earliest data is at time 1775419144.863446, when looking up transform from frame [base_footprint] to frame [map]
[planner_server-3] 
[controller_server-1] [INFO] [1775419158.734293779] [local_costmap.local_costmap]: Message Filter dropping message: frame 'laser' at time 1775419158.243 for reason 'the timestamp on the message is earlier than all the data in the transform cache'
[planner_server-3] [ERROR] [1775419158.765897924] [transformPoseInTargetFrame]: Extrapolation Error looking up target frame: Lookup would require extrapolation into the past.  Requested time 1775419144.860750 but the earliest data is at time 1775419146.221864, when looking up transform from frame [base_footprint] to frame [map]
[planner_server-3] 
[planner_server-3] [ERROR] [1775419159.764646772] [transformPoseInTargetFrame]: Extrapolation Error looking up target frame: Lookup would require extrapolation into the past.  Requested time 1775419144.860750 but the earliest data is at time 1775419146.971950, when looking up transform from frame [base_footprint] to frame [map]
[planner_server-3] 
[planner_server-3] [ERROR] [1775419160.765902103] [transformPoseInTargetFrame]: Extrapolation Error looking up target frame: Lookup would require extrapolation into the past.  Requested time 1775419145.401060 but the earliest data is at time 1775419148.022027, when looking up transform from frame [base_footprint] to frame [map]
[planner_server-3] 
[controller_server-1] [INFO] [1775419161.521404166] [local_costmap.local_costmap]: Message Filter dropping message: frame 'laser' at time 1775419160.982 for reason 'the timestamp on the message is earlier than all the data in the transform cache'
[planner_server-3] [ERROR] [1775419161.764252276] [transformPoseInTargetFrame]: Extrapolation Error looking up target frame: Lookup would require extrapolation into the past.  Requested time 1775419148.827695 but the earliest data is at time 1775419149.271880, when looking up transform from frame [base_footprint] to frame [map]
[planner_server-3] 
[planner_server-3] [ERROR] [1775419162.764255701] [transformPoseInTargetFrame]: Extrapolation Error looking up target frame: Lookup would require extrapolation into the past.  Requested time 1775419148.827695 but the earliest data is at time 1775419150.221998, when looking up transform from frame [base_footprint] to frame [map]
[planner_server-3] 
